// Jest Snapshot v1, https://goo.gl/fbAQLP

exports[`Request component renders Request 1`] = `
<DocumentFragment>
  <form>
    <p>
      POSTMAN CLONE
    </p>
    <input
      class="url"
      placeholder="url"
      type="text"
      value=""
    />
    <div
      class="radioButtons"
    >
      <label>
        <input
          checked=""
          name="crud-route"
          type="radio"
          value="get"
        />
        GET
      </label>
      <label>
        <input
          name="crud-route"
          type="radio"
          value="post"
        />
        POST
      </label>
      <label>
        <input
          name="crud-route"
          type="radio"
          value="put"
        />
        PUT
      </label>
      <label>
        <input
          name="crud-route"
          type="radio"
          value="delete"
        />
        DELETE
      </label>
    </div>
    <input
      class="body"
      placeholder="add body here..."
      type="text"
    />
    <button
      type="submit"
    >
      Submit
    </button>
  </form>
</DocumentFragment>
`;
